[     101ms] [INFO] Slow network is detected. See https://www.chromestatus.com/feature/5636954674692096 for more details. Fallback font will be used while loading: https://fonts.gstatic.com/s/googlesans/v62/4UaRrENHsxJlGDuGo1OIlJfC6l_24rlCK1Yo_Iq2vgCIhM907w.woff2 @ https://accounts.google.com/v3/signin/identifier?continue=https%3A%2F%2Fmail.google.com%2Fmail%2F%3Fservice%3Dmail%26flowName%3DGlifWebSignIn%26flowEntry%3DAccountChooser%26ec%3Dasw-gmail-globalnav-signin&dsh=S1462789353%3A1785927744577596&uj=gafb-gmail_asw-globalnav-en&flowName=GlifWebSignIn&flowEntry=ServiceLogin&ifkv=Ac50bxt3yZge1T3uh4RMHHxwx2GjG60CUEo8RenX9EJl5X68VG-0LoYnUmRz6bOy9QkwBFUYRsfL2Q:228
[     954ms] [VERBOSE] [DOM] Password field is not contained in a form: (More info: https://goo.gl/9p2vKq) %o @ https://accounts.google.com/v3/signin/identifier?continue=https%3A%2F%2Fmail.google.com%2Fmail%2F%3Fservice%3Dmail%26flowName%3DGlifWebSignIn%26flowEntry%3DAccountChooser%26ec%3Dasw-gmail-globalnav-signin&dsh=S1462789353%3A1785927744577596&uj=gafb-gmail_asw-globalnav-en&flowName=GlifWebSignIn&flowEntry=ServiceLogin&ifkv=Ac50bxt3yZge1T3uh4RMHHxwx2GjG60CUEo8RenX9EJl5X68VG-0LoYnUmRz6bOy9QkwBFUYRsfL2Q:0
[     958ms] [LOG] %c%s color: red; background: yellow; font-size: 24px; WARNING! @ https://www.gstatic.com/_/mss/boq-identity/_/js/k=boq-identity.AccountsSignInUi.en_US._B31dg_nAkU.es5.O/am=EQEAAADIgB8SAOT__28AAAMItgPeswCaACEDAAAAAAAAAAAsAQBAI4A/d=1/excm=_b,_tp,identifierview/ed=1/dg=0/wt=2/ujg=1/rs=AOaEmlF-CU697mV9DUu0w6dicQ68wjsh0g/dti=1/m=_b,_tp:551
[     958ms] [LOG] %c%s font-size: 18px; Using this console may allow attackers to impersonate you and steal your information using an attack called Self-XSS.
Do not enter or paste code that you do not understand. @ https://www.gstatic.com/_/mss/boq-identity/_/js/k=boq-identity.AccountsSignInUi.en_US._B31dg_nAkU.es5.O/am=EQEAAADIgB8SAOT__28AAAMItgPeswCaACEDAAAAAAAAAAAsAQBAI4A/d=1/excm=_b,_tp,identifierview/ed=1/dg=0/wt=2/ujg=1/rs=AOaEmlF-CU697mV9DUu0w6dicQ68wjsh0g/dti=1/m=_b,_tp:551
[    8438ms] [WARNING] Blocked aria-hidden on an element because its descendant retained focus. The focus must not be hidden from assistive technology users. Avoid using aria-hidden on a focused element or its ancestor. Consider using the inert attribute instead, which will also prevent focus. For more details, see the aria-hidden section of the WAI-ARIA specification at https://w3c.github.io/aria/#aria-hidden.
Element with focus: <div.VfPpkd-qNpTzb-P1ekSe VfPpkd-qNpTzb-P1ekSe-OWXEXe-A9y3zc VfPpkd-qNpTzb-P1ekSe-OWXEXe-OiiCO-IhfUye>
Ancestor with aria-hidden: <div.wuMMWb> @ https://accounts.google.com/v3/signin/identifier?continue=https%3A%2F%2Fmail.google.com%2Fmail%2F%3Fservice%3Dmail%26flowName%3DGlifWebSignIn%26flowEntry%3DAccountChooser%26ec%3Dasw-gmail-globalnav-signin&dsh=S1462789353%3A1785927744577596&uj=gafb-gmail_asw-globalnav-en&flowName=GlifWebSignIn&flowEntry=ServiceLogin&ifkv=Ac50bxt3yZge1T3uh4RMHHxwx2GjG60CUEo8RenX9EJl5X68VG-0LoYnUmRz6bOy9QkwBFUYRsfL2Q:0
[   10130ms] [VERBOSE] [DOM] Password field is not contained in a form: (More info: https://goo.gl/9p2vKq) %o @ https://accounts.google.com/v3/signin/challenge/pwd?TL=AE6FvyaozxfJ2PXW9t7T6BA7xhhbl_mPnbaJdHWf25tEtGTZsskl1dwoK698Xpvp&checkConnection=youtube%3A198&checkedDomains=youtube&cid=1&continue=https%3A%2F%2Fmail.google.com%2Fmail%2F%3Fservice%3Dmail%26flowName%3DGlifWebSignIn%26flowEntry%3DAccountChooser%26ec%3Dasw-gmail-globalnav-signin&dsh=S1462789353%3A1785927744577596&flowEntry=ServiceLogin&flowName=GlifWebSignIn&ifkv=Ac50bxt3yZge1T3uh4RMHHxwx2GjG60CUEo8RenX9EJl5X68VG-0LoYnUmRz6bOy9QkwBFUYRsfL2Q&pstMsg=1:0
[   79228ms] [ERROR] Failed to load resource: net::ERR_ADDRESS_UNREACHABLE @ https://ssl.gstatic.com/i18n/flags/48x32/nobevel/063708a09723aa13639468def709ad19/flags.png:0
[   79228ms] [ERROR] Failed to load resource: net::ERR_ADDRESS_UNREACHABLE @ https://ssl.gstatic.com/accounts/marc/passkey_enrollment_error.svg:0
[   79228ms] [ERROR] Failed to load resource: net::ERR_ADDRESS_UNREACHABLE @ https://ssl.gstatic.com/accounts/marc/passkey_challenge.svg:0
[   90063ms] [ERROR] Failed to load resource: net::ERR_CONNECTION_TIMED_OUT @ https://play.google.com/log?format=json&hasfast=true&authuser=0:0
[   90316ms] [ERROR] Failed to load resource: net::ERR_CONNECTION_TIMED_OUT @ https://play.google.com/log?format=json&hasfast=true&authuser=0:0
[  103430ms] [ERROR] Failed to load resource: net::ERR_CONNECTION_TIMED_OUT @ https://play.google.com/log?format=json&hasfast=true&authuser=0:0
[  736151ms] [ERROR] Failed to load resource: net::ERR_CONNECTION_TIMED_OUT @ https://accounts.google.com/v3/signin/_/AccountsSignInUi/gen204/?tmambps=0.014618796963830902&rtembps=-1&rttms=51.51984147128999&ct=undefined:0
[ 1261780ms] [LOG] %c%s color: red; background: yellow; font-size: 24px; WARNING! @ https://www.gstatic.com/_/mss/boq-identity/_/js/k=boq-identity.AccountsSignInUi.en_US._B31dg_nAkU.es5.O/am=EQEAAADIgB8SAOT__28AAAMItgPeswCaACEDAAAAAAAAAAAsAQBAI4A/d=1/excm=_b,_tp,sessionexpiredview/ed=1/dg=0/wt=2/ujg=1/rs=AOaEmlF-CU697mV9DUu0w6dicQ68wjsh0g/dti=1/m=_b,_tp:551
[ 1261780ms] [LOG] %c%s font-size: 18px; Using this console may allow attackers to impersonate you and steal your information using an attack called Self-XSS.
Do not enter or paste code that you do not understand. @ https://www.gstatic.com/_/mss/boq-identity/_/js/k=boq-identity.AccountsSignInUi.en_US._B31dg_nAkU.es5.O/am=EQEAAADIgB8SAOT__28AAAMItgPeswCaACEDAAAAAAAAAAAsAQBAI4A/d=1/excm=_b,_tp,sessionexpiredview/ed=1/dg=0/wt=2/ujg=1/rs=AOaEmlF-CU697mV9DUu0w6dicQ68wjsh0g/dti=1/m=_b,_tp:551
[ 2420900ms] [ERROR] Failed to load resource: net::ERR_CONNECTION_TIMED_OUT @ https://accounts.google.com/v3/signin/_/AccountsSignInUi/gen204/?tmambps=0.0007465755716675963&rtembps=-1&rttms=45.8&ct=undefined:0
[ 5786046ms] [ERROR] Failed to load resource: net::ERR_CONNECTION_TIMED_OUT @ https://accounts.google.com/v3/signin/_/AccountsSignInUi/gen204/?tmambps=0.0007465755716675963&rtembps=-1&rttms=45.8&ct=undefined:0
[ 9321199ms] [ERROR] Failed to load resource: net::ERR_CONNECTION_TIMED_OUT @ https://accounts.google.com/v3/signin/_/AccountsSignInUi/gen204/?tmambps=0.0007465755716675963&rtembps=-1&rttms=45.8&ct=undefined:0
[10821227ms] [ERROR] Failed to load resource: net::ERR_CONNECTION_TIMED_OUT @ https://accounts.google.com/v3/signin/_/AccountsSignInUi/gen204/?tmambps=0.0007465755716675963&rtembps=-1&rttms=45.8&ct=undefined:0
[10997211ms] [ERROR] Failed to load resource: net::ERR_CONNECTION_TIMED_OUT @ https://accounts.google.com/v3/signin/_/AccountsSignInUi/gen204/?tmambps=0.0007465755716675963&rtembps=-1&rttms=45.8&ct=undefined:0
[11546275ms] [ERROR] Failed to load resource: net::ERR_CONNECTION_TIMED_OUT @ https://accounts.google.com/v3/signin/_/AccountsSignInUi/gen204/?tmambps=0.0007465755716675963&rtembps=-1&rttms=45.8&ct=undefined:0
